INFO    : Building target course
INFO    : XSL conversion of C:\Users\cory.g.wilson\Dropbox\school\occc\20262027\2413sp27\notes\source\main.ptx by C:\Users\cory.g.wilson\.ptx\2.55.0\core\xsl\utilities\pretext-enhanced-source.xsl
INFO    : messages from the log for XSL processing (prefaced with a *):
WARNING : * PTX:DEPRECATE: (2026-07-30) the external directory is a property of your source, and is now declared with a "directories/@external" attribute within "docinfo".  The publication file entry "source/directories/@external" is honored meanwhile, but please relocate it.
INFO    : successful application of C:\Users\cory.g.wilson\.ptx\2.55.0\core\xsl\utilities\pretext-enhanced-source.xsl
INFO    : discovering source file's directory name: C:\Users\cory.g.wilson\Dropbox\school\occc\20262027\2413sp27\notes\source
WARNING : (2026-07-30) the external directory is a property of your source, and is now declared with a "directories/@external" attribute within "docinfo". The publisher file entry "source/directories/@external" is honored meanwhile, but please relocate it.
INFO    : verifying and expanding input directory: C:\Users\cory.g.wilson\Dropbox\school\occc\20262027\2413sp27\notes\source\../assets
INFO    : input directory expanded to absolute path: C:\Users\cory.g.wilson\Dropbox\school\occc\20262027\2413sp27\notes\assets
INFO    : Generating any needed assets.
INFO    : Finished generating assets.

INFO    : Preparing to build into C:\Users\cory.g.wilson\Dropbox\school\occc\20262027\2413sp27\notes\output\course.
WARNING : Node.js must be installed to build CSS files.  Please install node.js and npm.
 Will try to use prebuilt CSS files instead.
WARNING : Cannot find npm.  Will try to use prebuilt CSS files instead.
WARNING : Unable to install npm packages to build css files.  Non-default CSS themes require node.js and npm to be installed.  See https://pretextbook.org/doc/guide/html/node-and-npm.html
WARNING : 
INFO    : discovering source file's directory name: C:\Users\cory.g.wilson\Dropbox\school\occc\20262027\2413sp27\notes\source
WARNING : (2026-07-30) the external directory is a property of your source, and is now declared with a "directories/@external" attribute within "docinfo". The publisher file entry "source/directories/@external" is honored meanwhile, but please relocate it.
INFO    : verifying and expanding input directory: C:\Users\cory.g.wilson\Dropbox\school\occc\20262027\2413sp27\notes\source\../assets
INFO    : input directory expanded to absolute path: C:\Users\cory.g.wilson\Dropbox\school\occc\20262027\2413sp27\notes\assets
INFO    : discovering source file's directory name: C:\Users\cory.g.wilson\Dropbox\school\occc\20262027\2413sp27\notes\source
INFO    : XSL conversion of C:\Users\cory.g.wilson\Dropbox\school\occc\20262027\2413sp27\notes\source\main.ptx by C:\Users\cory.g.wilson\.ptx\2.55.0\core\xsl\utilities\report-publisher-variables.xsl
INFO    : messages from the log for XSL processing (prefaced with a *):
WARNING : * PTX:DEPRECATE: (2026-07-30) the external directory is a property of your source, and is now declared with a "directories/@external" attribute within "docinfo".  The publication file entry "source/directories/@external" is honored meanwhile, but please relocate it.
INFO    : successful application of C:\Users\cory.g.wilson\.ptx\2.55.0\core\xsl\utilities\report-publisher-variables.xsl
INFO    : Downloading rs services file from https://runestone.academy/cdn/runestone/latest/webpack_static_imports.xml.
INFO    : Runestone Services via online CDN query: version 8.3.3
INFO    : Downloading Runestone Services, version 8.3.3
INFO    : Extracting Runestone Services from archive file
INFO    : Node.js not available. Relying on prebuilt default-modern.
INFO    : Using prebuilt CSS theme: default-modern with options: {'options': {'primary-color': '#195684', 'secondary-color': '#932c1c'}, 'contrast-checks': {'primary-color': '#fff', 'secondary-color': '#fff', 'primary-color-dark': '#23241f'}}
INFO    : converting C:\Users\cory.g.wilson\Dropbox\school\occc\20262027\2413sp27\notes\source\main.ptx to HTML in C:\Users\CORYG~1.WIL\AppData\Local\Temp\ptx-iivcikkb
INFO    : XSL conversion of C:\Users\cory.g.wilson\Dropbox\school\occc\20262027\2413sp27\notes\source\main.ptx by C:\Users\cory.g.wilson\.ptx\2.55.0\core\xsl\pretext-html.xsl
INFO    : messages from the log for XSL processing (prefaced with a *):
WARNING : * PTX:DEPRECATE: (2026-07-30) the external directory is a property of your source, and is now declared with a "directories/@external" attribute within "docinfo".  The publication file entry "source/directories/@external" is honored meanwhile, but please relocate it.
INFO    : * PTX:INFO:   checking all deprecated elements.
INFO    : successful application of C:\Users\cory.g.wilson\.ptx\2.55.0\core\xsl\pretext-html.xsl
INFO    : Removing temporary directory C:\Users\CORYG~1.WIL\AppData\Local\Temp\ptx-iivcikkb
INFO    : Removing temporary directory C:\Users\CORYG~1.WIL\AppData\Local\Temp\ptx-_a4lfaqd
INFO    : 
Finished build for target course. Run `pretext view course` to see the results.

INFO    : 
Success!  Built requested target(s) without errors.

INFO    : 
