WARNING : Using CLI version 2.20.0 but project's `requirements.txt`
WARNING : is configured to use 2.55.0. Consider either installing
WARNING : CLI version 2.55.0 or running `pretext update`
WARNING : to update `requirements.txt` and other managed files to match 2.20.0.
INFO    : Now preparing local server to preview your project directory `/Users/cw/Library/CloudStorage/Dropbox/school/occc/20262027/2413sp27/notes`.
INFO    :   (Reminder: use `pretext deploy` to deploy your built project to a public
INFO    :   GitHub Pages site that can be shared with readers who cannot access your
INFO    :   personal computer.)
INFO    : 
INFO    : starting server ...
INFO    : setting up PreTeXt web server ...
INFO    : Added pretext web server entry b17fba25a7 1241 8128 localhost

INFO    : Server will soon be available at http://localhost:8128
INFO    : Opening browser for target `course` at http://localhost:8128/output/course
WARNING : Port 8128 could not be used.
WARNING : Trying port 8129 instead.

INFO    : Added pretext web server entry b17fba25a7 1241 8129 localhost

INFO    : Server will soon be available at http://localhost:8129
INFO    : Opening browser for target `course` at http://localhost:8129/output/course
WARNING : Port 8129 could not be used.
WARNING : Trying port 8130 instead.

INFO    : Added pretext web server entry b17fba25a7 1241 8130 localhost

INFO    : Server will soon be available at http://localhost:8130
INFO    : Opening browser for target `course` at http://localhost:8130/output/course
WARNING : Port 8130 could not be used.
WARNING : Trying port 8131 instead.

INFO    : Added pretext web server entry b17fba25a7 1241 8131 localhost

INFO    : Server will soon be available at http://localhost:8131
INFO    : Opening browser for target `course` at http://localhost:8131/output/course
WARNING : Port 8131 could not be used.
WARNING : Trying port 8132 instead.

INFO    : Added pretext web server entry b17fba25a7 1241 8132 localhost

INFO    : Server will soon be available at http://localhost:8132
INFO    : Opening browser for target `course` at http://localhost:8132/output/course
WARNING : Port 8132 could not be used.
WARNING : Trying port 8133 instead.

INFO    : Added pretext web server entry b17fba25a7 1241 8133 localhost

INFO    : Server will soon be available at http://localhost:8133
INFO    : Opening browser for target `course` at http://localhost:8133/output/course
WARNING : Port 8133 could not be used.
WARNING : Trying port 8134 instead.

INFO    : Added pretext web server entry b17fba25a7 1241 8134 localhost

INFO    : Server will soon be available at http://localhost:8134
INFO    : Opening browser for target `course` at http://localhost:8134/output/course
WARNING : Port 8134 could not be used.
WARNING : Trying port 8135 instead.

INFO    : Added pretext web server entry b17fba25a7 1241 8135 localhost

INFO    : Server will soon be available at http://localhost:8135
INFO    : Opening browser for target `course` at http://localhost:8135/output/course
WARNING : Port 8135 could not be used.
WARNING : Trying port 8136 instead.

INFO    : Added pretext web server entry b17fba25a7 1241 8136 localhost

INFO    : Server will soon be available at http://localhost:8136
INFO    : Opening browser for target `course` at http://localhost:8136/output/course
WARNING : Port 8136 could not be used.
WARNING : Trying port 8137 instead.

INFO    : There are 10 or more servers on file. Cleaning up ...
ERROR   : BUG: the `pretext view` command encountered an error.  Please report this: process 1241 with laddr 
ERROR   : BUG: the `pretext view` command encountered an error.  Please report this: process 1241 with laddr 
ERROR   : BUG: the `pretext view` command encountered an error.  Please report this: process 1241 with laddr 
ERROR   : BUG: the `pretext view` command encountered an error.  Please report this: process 1241 with laddr 
