INFO    : Building target print
INFO    : XSL conversion of /Users/cw/Library/CloudStorage/Dropbox/school/occc/20262027/2413sp27/notes-old/source/main.ptx by /Users/cw/.ptx/2.20.0/core/xsl/utilities/pretext-enhanced-source.xsl
INFO    : successful application of /Users/cw/.ptx/2.20.0/core/xsl/utilities/pretext-enhanced-source.xsl
INFO    : Generating any needed assets.
INFO    : Finished generating assets.

INFO    : Preparing to build into /Users/cw/Library/CloudStorage/Dropbox/school/occc/20262027/2413sp27/notes-old/output/print.
INFO    : discovering source file's directory name: /Users/cw/Library/CloudStorage/Dropbox/school/occc/20262027/2413sp27/notes-old/source
INFO    : verifying and expanding input directory: /Users/cw/Library/CloudStorage/Dropbox/school/occc/20262027/2413sp27/notes-old/source/../generated-assets
INFO    : input directory expanded to absolute path: /Users/cw/Library/CloudStorage/Dropbox/school/occc/20262027/2413sp27/notes-old/generated-assets
INFO    : verifying and expanding input directory: /Users/cw/Library/CloudStorage/Dropbox/school/occc/20262027/2413sp27/notes-old/source/../assets
INFO    : input directory expanded to absolute path: /Users/cw/Library/CloudStorage/Dropbox/school/occc/20262027/2413sp27/notes-old/assets
INFO    : XSL conversion of /Users/cw/Library/CloudStorage/Dropbox/school/occc/20262027/2413sp27/notes-old/source/main.ptx by /Users/cw/.ptx/2.20.0/core/xsl/utilities/report-publisher-variables.xsl
INFO    : successful application of /Users/cw/.ptx/2.20.0/core/xsl/utilities/report-publisher-variables.xsl
INFO    : converting /Users/cw/Library/CloudStorage/Dropbox/school/occc/20262027/2413sp27/notes-old/source/main.ptx to LaTeX as /var/folders/b3/z07rf29x2fd63th_fjm5pzk80000gn/T/ptx-s0kj6lus/main.tex
INFO    : XSL conversion of /Users/cw/Library/CloudStorage/Dropbox/school/occc/20262027/2413sp27/notes-old/source/main.ptx by /Users/cw/.ptx/2.20.0/core/xsl/pretext-latex.xsl
INFO    : messages from the log for XSL processing:
INFO    : * PTX:INFO:   checking ONLY the last TWO YEARS of element deprecations.
Rerun with the string parameter "author.deprecations.all" set to "yes" to check your source against all deprecations.
INFO    : successful application of /Users/cw/.ptx/2.20.0/core/xsl/pretext-latex.xsl
INFO    : Removing temporary directory /var/folders/b3/z07rf29x2fd63th_fjm5pzk80000gn/T/ptx-s0kj6lus
INFO    : Removing temporary directory /var/folders/b3/z07rf29x2fd63th_fjm5pzk80000gn/T/ptx-3a99c5rc
INFO    : Removing temporary directory /var/folders/b3/z07rf29x2fd63th_fjm5pzk80000gn/T/ptx-m4luq51d
INFO    : 
Success! The output is in /Users/cw/Library/CloudStorage/Dropbox/school/occc/20262027/2413sp27/notes-old/output/print.

INFO    : 
