WARNING : Using CLI version 2.55.0 but project's `requirements.txt`
WARNING : is configured to use 2.20.0. Consider either installing
WARNING : CLI version 2.20.0 or running `pretext update-project`
WARNING : to update `requirements.txt` and other managed files to match 2.55.0.
INFO    : Building target course
INFO    : XSL conversion of /Users/cw/Library/CloudStorage/Dropbox/school/occc/20262027/2413sp27/notes-old/source/main.ptx by /Users/cw/.ptx/2.55.0/core/xsl/utilities/pretext-enhanced-source.xsl
INFO    : messages from the log for XSL processing (prefaced with a *):
WARNING : * PTX:DEPRECATE: (2026-07-30) the external directory is a property of your source, and is now declared with a "directories/@external" attribute within "docinfo".  The publication file entry "source/directories/@external" is honored meanwhile, but please relocate it.
WARNING : * PTX:DEPRECATE: the publisher file entry  html/knowl/@exercise-readingquestion  has been renamed  html/knowl/@exercise-reading.  Your value, "no", will be used.  However you should move to the new name.
INFO    : successful application of /Users/cw/.ptx/2.55.0/core/xsl/utilities/pretext-enhanced-source.xsl
INFO    : discovering source file's directory name: /Users/cw/Library/CloudStorage/Dropbox/school/occc/20262027/2413sp27/notes-old/source
WARNING : (2026-07-30) the external directory is a property of your source, and is now declared with a "directories/@external" attribute within "docinfo". The publisher file entry "source/directories/@external" is honored meanwhile, but please relocate it.
INFO    : verifying and expanding input directory: /Users/cw/Library/CloudStorage/Dropbox/school/occc/20262027/2413sp27/notes-old/source/../assets
INFO    : input directory expanded to absolute path: /Users/cw/Library/CloudStorage/Dropbox/school/occc/20262027/2413sp27/notes-old/assets
INFO    : Generating any needed assets.
INFO    : Finished generating assets.

INFO    : Preparing to build into /Users/cw/Library/CloudStorage/Dropbox/school/occc/20262027/2413sp27/notes-old/output/course.
INFO    : discovering source file's directory name: /Users/cw/Library/CloudStorage/Dropbox/school/occc/20262027/2413sp27/notes-old/source
WARNING : (2026-07-30) the external directory is a property of your source, and is now declared with a "directories/@external" attribute within "docinfo". The publisher file entry "source/directories/@external" is honored meanwhile, but please relocate it.
INFO    : verifying and expanding input directory: /Users/cw/Library/CloudStorage/Dropbox/school/occc/20262027/2413sp27/notes-old/source/../assets
INFO    : input directory expanded to absolute path: /Users/cw/Library/CloudStorage/Dropbox/school/occc/20262027/2413sp27/notes-old/assets
INFO    : discovering source file's directory name: /Users/cw/Library/CloudStorage/Dropbox/school/occc/20262027/2413sp27/notes-old/source
INFO    : XSL conversion of /Users/cw/Library/CloudStorage/Dropbox/school/occc/20262027/2413sp27/notes-old/source/main.ptx by /Users/cw/.ptx/2.55.0/core/xsl/utilities/report-publisher-variables.xsl
INFO    : messages from the log for XSL processing (prefaced with a *):
WARNING : * PTX:DEPRECATE: (2026-07-30) the external directory is a property of your source, and is now declared with a "directories/@external" attribute within "docinfo".  The publication file entry "source/directories/@external" is honored meanwhile, but please relocate it.
WARNING : * PTX:DEPRECATE: the publisher file entry  html/knowl/@exercise-readingquestion  has been renamed  html/knowl/@exercise-reading.  Your value, "no", will be used.  However you should move to the new name.
INFO    : successful application of /Users/cw/.ptx/2.55.0/core/xsl/utilities/report-publisher-variables.xsl
INFO    : Downloading rs services file from https://runestone.academy/cdn/runestone/latest/webpack_static_imports.xml.
INFO    : Runestone Services via online CDN query: version 8.3.4
INFO    : Downloading Runestone Services, version 8.3.4
INFO    : Extracting Runestone Services from archive file
INFO    : Building custom css theme: theme-denver
INFO    : converting /Users/cw/Library/CloudStorage/Dropbox/school/occc/20262027/2413sp27/notes-old/source/main.ptx to HTML in /var/folders/b3/z07rf29x2fd63th_fjm5pzk80000gn/T/ptx-laj1b7ju
INFO    : XSL conversion of /Users/cw/Library/CloudStorage/Dropbox/school/occc/20262027/2413sp27/notes-old/source/main.ptx by /Users/cw/.ptx/2.55.0/core/xsl/pretext-html.xsl
INFO    : messages from the log for XSL processing (prefaced with a *):
WARNING : * PTX:DEPRECATE: (2026-07-30) the external directory is a property of your source, and is now declared with a "directories/@external" attribute within "docinfo".  The publication file entry "source/directories/@external" is honored meanwhile, but please relocate it.
WARNING : * PTX:DEPRECATE: the publisher file entry  html/knowl/@exercise-readingquestion  has been renamed  html/knowl/@exercise-reading.  Your value, "no", will be used.  However you should move to the new name.
INFO    : * PTX:INFO:   checking all deprecated elements.
INFO    : successful application of /Users/cw/.ptx/2.55.0/core/xsl/pretext-html.xsl
INFO    : Removing temporary directory /var/folders/b3/z07rf29x2fd63th_fjm5pzk80000gn/T/ptx-laj1b7ju
INFO    : Removing temporary directory /var/folders/b3/z07rf29x2fd63th_fjm5pzk80000gn/T/ptx-hr9bpgd3
INFO    : 
Finished build for target course. Run `pretext view course` to see the results.

INFO    : 
Success!  Built requested target(s) without errors.

INFO    : 
