WARNING : Using CLI version 2.37.1 but project's `requirements.txt`
WARNING : is configured to use 2.55.0. Consider either installing
WARNING : CLI version 2.55.0 or running `pretext update`
WARNING : to update `requirements.txt` and other managed files to match 2.37.1.
INFO    : Building target course
INFO    : XSL conversion of C:\Users\cory.g.wilson\Dropbox\school\occc\20262027\2413sp27\notes\source\main.ptx by C:\Users\cory.g.wilson\.ptx\2.37.1\core\xsl\utilities\pretext-enhanced-source.xsl
INFO    : successful application of C:\Users\cory.g.wilson\.ptx\2.37.1\core\xsl\utilities\pretext-enhanced-source.xsl
INFO    : PreTeXt source passed schema validation.
INFO    : Generating any needed assets.
INFO    : Finished generating assets.

INFO    : Preparing to build into C:\Users\cory.g.wilson\Dropbox\school\occc\20262027\2413sp27\notes\output\course.
WARNING : Node.js must be installed to build CSS files.  Please install node.js and npm.
 Will try to use prebuilt CSS files instead.
WARNING : Cannot find npm.  Will try to use prebuilt CSS files instead.
WARNING : Unable to install npm packages to build css files.  Non-default CSS themes require node.js and npm to be installed.  See https://pretextbook.org/doc/guide/html/node-and-npm.html
WARNING : 
INFO    : discovering source file's directory name: C:\Users\cory.g.wilson\Dropbox\school\occc\20262027\2413sp27\notes\source
INFO    : verifying and expanding input directory: C:\Users\cory.g.wilson\Dropbox\school\occc\20262027\2413sp27\notes\source\../generated-assets
INFO    : input directory expanded to absolute path: C:\Users\cory.g.wilson\Dropbox\school\occc\20262027\2413sp27\notes\generated-assets
INFO    : verifying and expanding input directory: C:\Users\cory.g.wilson\Dropbox\school\occc\20262027\2413sp27\notes\source\../assets
INFO    : input directory expanded to absolute path: C:\Users\cory.g.wilson\Dropbox\school\occc\20262027\2413sp27\notes\assets
INFO    : discovering source file's directory name: C:\Users\cory.g.wilson\Dropbox\school\occc\20262027\2413sp27\notes\source
INFO    : XSL conversion of C:\Users\cory.g.wilson\Dropbox\school\occc\20262027\2413sp27\notes\source\main.ptx by C:\Users\cory.g.wilson\.ptx\2.37.1\core\xsl\utilities\report-publisher-variables.xsl
INFO    : successful application of C:\Users\cory.g.wilson\.ptx\2.37.1\core\xsl\utilities\report-publisher-variables.xsl
INFO    : Downloading rs services file from https://runestone.academy/cdn/runestone/latest/webpack_static_imports.xml.
INFO    : Runestone Services via online CDN query: version 8.3.3
INFO    : Downloading Runestone Services, version 8.3.3
INFO    : Extracting Runestone Services from archive file
ERROR   : Node.js is required to build themes other than default-modern. Make sure it is installed and in your PATH. Then do 'npm install' in the pretext/script/cssbuilder directory. https://pretextbook.org/doc/guide/html/node-and-npm.html
CRITICAL: PTX:ERROR: cannot locate executable with configuration name `node` as command `node`
***  Edit the configuration file  ("pretext.cfg" or "project.ptx") and/or install  ***
***  the necessary program and/or make sure the executable is on your PATH         ***
INFO    : ------------------------
CRITICAL: Failed to build without errors.  Exiting...
INFO    : 
----------------------------------------------------
INFO    : While running pretext, the following errors occurred:

INFO    : (see log messages above or in the 'logs' folder for more information)
INFO    : ----------------------------------------------------
