INFO    : Building target course
INFO    : XSL conversion of /Users/cw/Library/CloudStorage/Dropbox/school/occc/20262027/2413sp27/notes/source/main.ptx by /Users/cw/.ptx/2.20.0/core/xsl/utilities/pretext-enhanced-source.xsl
INFO    : successful application of /Users/cw/.ptx/2.20.0/core/xsl/utilities/pretext-enhanced-source.xsl
INFO    : Generating any needed assets.
INFO    : Finished generating assets.

INFO    : Preparing to build into /Users/cw/Library/CloudStorage/Dropbox/school/occc/20262027/2413sp27/notes/output/course.
INFO    : discovering source file's directory name: /Users/cw/Library/CloudStorage/Dropbox/school/occc/20262027/2413sp27/notes/source
INFO    : verifying and expanding input directory: /Users/cw/Library/CloudStorage/Dropbox/school/occc/20262027/2413sp27/notes/source/../generated-assets
INFO    : input directory expanded to absolute path: /Users/cw/Library/CloudStorage/Dropbox/school/occc/20262027/2413sp27/notes/generated-assets
INFO    : verifying and expanding input directory: /Users/cw/Library/CloudStorage/Dropbox/school/occc/20262027/2413sp27/notes/source/../assets
INFO    : input directory expanded to absolute path: /Users/cw/Library/CloudStorage/Dropbox/school/occc/20262027/2413sp27/notes/assets
INFO    : XSL conversion of /Users/cw/Library/CloudStorage/Dropbox/school/occc/20262027/2413sp27/notes/source/main.ptx by /Users/cw/.ptx/2.20.0/core/xsl/utilities/report-publisher-variables.xsl
INFO    : successful application of /Users/cw/.ptx/2.20.0/core/xsl/utilities/report-publisher-variables.xsl
INFO    : Downloading rs services file from https://runestone.academy/cdn/runestone/latest/webpack_static_imports.xml.
INFO    : Runestone Services via online CDN query: version 8.3.4
INFO    : Downloading Runestone Services, version 8.3.4
INFO    : Extracting Runestone Services from archive file
INFO    : Building custom css theme: theme-denver
INFO    : converting /Users/cw/Library/CloudStorage/Dropbox/school/occc/20262027/2413sp27/notes/source/main.ptx to HTML in /var/folders/b3/z07rf29x2fd63th_fjm5pzk80000gn/T/ptx-g7mvxxbe
INFO    : XSL conversion of /Users/cw/Library/CloudStorage/Dropbox/school/occc/20262027/2413sp27/notes/source/main.ptx by /Users/cw/.ptx/2.20.0/core/xsl/pretext-html.xsl
INFO    : messages from the log for XSL processing:
INFO    : * PTX:INFO:   checking ONLY the last TWO YEARS of element deprecations.
Rerun with the string parameter "author.deprecations.all" set to "yes" to check your source against all deprecations.
INFO    : successful application of /Users/cw/.ptx/2.20.0/core/xsl/pretext-html.xsl
INFO    : Removing temporary directory /var/folders/b3/z07rf29x2fd63th_fjm5pzk80000gn/T/ptx-g7mvxxbe
INFO    : Removing temporary directory /var/folders/b3/z07rf29x2fd63th_fjm5pzk80000gn/T/ptx-o30dh8h9
INFO    : 
Success! Run `pretext view course` to see the results.

INFO    : 
