INFO    : Staging deployment according to strategy pelican_default
INFO    : Staging `course` at `/Users/cw/Library/CloudStorage/Dropbox/school/occc/20262027/2413sp27/notes/output/stage/course`.
INFO    : Staging generated site at `/Users/cw/Library/CloudStorage/Dropbox/school/occc/20262027/2413sp27/notes/output/stage`.
INFO    : XSL conversion of /Users/cw/Library/CloudStorage/Dropbox/school/occc/20262027/2413sp27/notes/source/main.ptx by /Users/cw/.ptx/2.20.0/core/xsl/utilities/pretext-enhanced-source.xsl
INFO    : successful application of /Users/cw/.ptx/2.20.0/core/xsl/utilities/pretext-enhanced-source.xsl
INFO    : Deployment is now staged at `/Users/cw/Library/CloudStorage/Dropbox/school/occc/20262027/2413sp27/notes/output/stage`.
INFO    : Preparing to deploy from active `main` git branch.

INFO    : Changes to project source since last commit detected.
INFO    : Committing these changes to local Git repository.

INFO    : Committing your latest build to the `gh-pages` branch.
INFO    : 
INFO    : Attempting to connect to remote repository at `git@github.com:cg2wilson/odes.git`...
INFO    : Latest build successfully pushed to GitHub!

INFO    : To enable GitHub Pages, visit
INFO    :     https://github.com/cg2wilson/odes/settings/pages
INFO    : selecting the `gh-pages` branch with the `/ (root)` folder.

INFO    : Visit
INFO    :     https://github.com/cg2wilson/odes/actions/
INFO    : to check on the status of your GitHub Pages deployment.

INFO    : Your built project will soon be available to the public at:
INFO    :     https://cg2wilson.github.io/odes/
