INFO    : 
INFO    : Please share the following information when posting to the
INFO    : pretext-support Google Group.
INFO    : 
INFO    : PreTeXt-CLI version: 2.20.0
INFO    :     PyPI link: https://pypi.org/project/pretextbook/2.20.0/
INFO    : PreTeXt core resources commit: 1ef97c03fda832b25d60d78edfbc729ee3a75683
INFO    : OS: macOS-26.6.2-arm64-arm-64bit
INFO    : Python version: 3.9.6, running from /Library/Developer/CommandLineTools/usr/bin/python3
INFO    : Current working directory: /Users/cw/Library/CloudStorage/Dropbox/school/occc/20262027/2413sp27/notes-old
INFO    : PreTeXt project path: /Users/cw/Library/CloudStorage/Dropbox/school/occc/20262027/2413sp27/notes-old
INFO    : 
INFO    : Contents of project.ptx:
INFO    : ------------------------
INFO    : <!-- This file, the project manifest, provides the overall configuration for your PreTeXt project. To edit the content of your document, open `source/main.ptx`. See https://pretextbook.org/doc/guide/html/processing-CLI.html#cli-project-manifest. --><project ptx-version="2">
  <targets>
    <!-- Main course for html or pdf -->
    <target name="course" source="main.ptx" format="html" publication="publication.ptx" deploy-dir="course"/>
    <target name="print" source="main.ptx" format="pdf" output-filename="course.pdf" publication="publication.ptx"/>

    <!--
    <target name="slides" source="slides/slides.ptx" format="revealjs"
            publication="publication-slides.ptx" deploy-dir="slides"
            output-filename="index.html"/>
    -->
    <!-- 
    <target name="slides-annotated" source="slides/slides.ptx" format="revealjs"
            publication="publication-slides-annotated.ptx" deploy-dir="slides-annotated"
            output-filename="index.html"/>
    -->



  <!-- The following targets are used to create stand-alone documents, which could be additional slide decks, pdfs, or SCORM archives. Run with `pretext build slides -i source/slides/[filename.ptx]`, for example. -->
  <target name="pdf" standalone="yes" format="pdf" output-dir="pdfs" publication="publication_standalone.ptx"/>
  <target name="slides" standalone="yes" format="revealjs" output-dir="slides" publication="publication-slides.ptx"/>
  <target name="slides-annotated" standalone="yes" format="revealjs" output-dir="slides" publication="publication-slides-annotated.ptx"/>
  <target name="scorm" standalone="yes" format="html" compression="scorm" output-dir="scorms" publication="publication_standalone.ptx"/>
  </targets>
</project><!-- SAMPLE MANIFEST illustrating all options. Defaults are given (mostly).              --><!-- <project
        ptx-version="2"
        source="source"
        publication="publication"
        output-dir="output"
        site="site"
        stage="output/stage"
        xsl="xsl"
        asy-method="server"
    >
      <targets>
          <target
            name="web"
            format="html"
            source="main.ptx"
            publication="publication.ptx"
            output-dir="web"
            deploy-dir="interactive"
            xsl="custom-html.xsl"
            asy-method="server"
          />
          <target
            name="web-zipped"
            format="html"
            source="main.ptx"
            publication="publication.ptx"
            output-dir="web"
            compression="zip"
            asy-method="server"
          />
          <target
            name="runestone"
            format="html"
            platform="runestone"
          />
          <target
            name="print"
            format="pdf"
            source="main.ptx"
            publication="publication.ptx"
            output-dir="print"
            output-filename="mybook.pdf"
            latex-engine="pdflatex"
            deploy-dir="pdf"
          />
          <target
            name="latex"
            format="latex"
          />
          <target
            name="braille"
            format="braille"
            braille-mode="emboss"
          />
        </targets>
</project>
-->
INFO    : ------------------------
WARNING : Unable to locate the command for `pdfsvg` on your system.
WARNING : Unable to locate the command for `mermaid` on your system.
WARNING : Unable to locate the command for `liblouis` on your system.
INFO    : 
